============================= test session starts ==============================
platform darwin -- Python 3.13.5, pytest-8.3.4, pluggy-1.5.0
rootdir: /Users/pranavkishore/ai110-module2show-pawpal-starter
plugins: anyio-4.13.0
collected 17 items

tests/test_pawpal.py .................                                   [100%]

============================== 17 passed in 0.01s ==============================
